../Core/Inc/bme280.c:429:9:bme280_init	24	static
../Core/Inc/bme280.c:466:8:bme280_get_regs	40	static
../Core/Inc/bme280.c:502:8:bme280_set_regs	64	static
../Core/Inc/bme280.c:572:8:bme280_set_sensor_settings	32	static
../Core/Inc/bme280.c:619:8:bme280_get_sensor_settings	24	static
../Core/Inc/bme280.c:644:8:bme280_set_sensor_mode	24	static
../Core/Inc/bme280.c:671:8:bme280_get_sensor_mode	24	static
../Core/Inc/bme280.c:694:8:bme280_soft_reset	24	static
../Core/Inc/bme280.c:732:8:bme280_get_sensor_data	48	static
../Core/Inc/bme280.c:771:8:bme280_compensate_data	32	static
../Core/Inc/bme280.c:816:8:bme280_cal_meas_delay	32	static
../Core/Inc/bme280.c:876:15:set_osr_settings	32	static
../Core/Inc/bme280.c:896:15:set_osr_humidity_settings	24	static
../Core/Inc/bme280.c:929:15:set_osr_press_temp_settings	32	static
../Core/Inc/bme280.c:962:15:set_filter_standby_settings	32	static
../Core/Inc/bme280.c:995:13:fill_filter_settings	16	static
../Core/Inc/bme280.c:1004:13:fill_standby_settings	16	static
../Core/Inc/bme280.c:1013:13:fill_osr_press_settings	16	static
../Core/Inc/bme280.c:1022:13:fill_osr_temp_settings	16	static
../Core/Inc/bme280.c:1032:13:parse_device_settings	16	static
../Core/Inc/bme280.c:1045:13:parse_sensor_data	32	static
../Core/Inc/bme280.c:1073:15:write_power_mode	24	static
../Core/Inc/bme280.c:1099:15:put_device_to_sleep	32	static
../Core/Inc/bme280.c:1125:15:reload_device_settings	24	static
../Core/Inc/bme280.c:1145:15:compensate_temperature	64	static
../Core/Inc/bme280.c:1176:15:compensate_pressure	72	static
../Core/Inc/bme280.c:1224:15:compensate_humidity	96	static
../Core/Inc/bme280.c:1451:15:get_calib_data	48	static
../Core/Inc/bme280.c:1489:13:interleave_reg_addr	32	static
../Core/Inc/bme280.c:1504:13:parse_temp_press_calib_data	24	static
../Core/Inc/bme280.c:1527:13:parse_humidity_calib_data	32	static
../Core/Inc/bme280.c:1550:16:are_settings_changed	24	static
../Core/Inc/bme280.c:1572:15:null_ptr_check	24	static
